127.0.0.1 - - [24/Sep/2025:14:24:19 +0900] "GET / HTTP/1.1" 404 807
0:0:0:0:0:0:0:1 - - [24/Sep/2025:14:24:34 +0900] "GET / HTTP/1.1" 404 807
0:0:0:0:0:0:0:1 - - [24/Sep/2025:14:24:34 +0900] "GET /favicon.ico HTTP/1.1" 404 818
0:0:0:0:0:0:0:1 - - [24/Sep/2025:14:44:32 +0900] "GET /action/el/do HTTP/1.1" 404 827
0:0:0:0:0:0:0:1 - - [24/Sep/2025:14:44:36 +0900] "GET /action/el.do HTTP/1.1" 404 823
127.0.0.1 - - [24/Sep/2025:14:46:53 +0900] "GET / HTTP/1.1" 404 807
0:0:0:0:0:0:0:1 - - [24/Sep/2025:15:26:48 +0900] "GET /action/el.do HTTP/1.1" 404 823
0:0:0:0:0:0:0:1 - - [24/Sep/2025:15:26:48 +0900] "GET /action/el.do HTTP/1.1" 404 823
0:0:0:0:0:0:0:1 - - [24/Sep/2025:15:43:04 +0900] "GET /action/el/do HTTP/1.1" 404 827
0:0:0:0:0:0:0:1 - - [24/Sep/2025:15:43:05 +0900] "GET /action/el/do HTTP/1.1" 404 827
0:0:0:0:0:0:0:1 - - [24/Sep/2025:15:43:05 +0900] "GET /action/el/do HTTP/1.1" 404 827
127.0.0.1 - - [24/Sep/2025:15:49:05 +0900] "GET / HTTP/1.1" 404 807
0:0:0:0:0:0:0:1 - - [24/Sep/2025:15:49:07 +0900] "GET /action/el/do HTTP/1.1" 404 827
0:0:0:0:0:0:0:1 - - [24/Sep/2025:15:49:07 +0900] "GET /action/el/do HTTP/1.1" 404 827
0:0:0:0:0:0:0:1 - - [24/Sep/2025:15:49:10 +0900] "GET /action HTTP/1.1" 404 813
0:0:0:0:0:0:0:1 - - [24/Sep/2025:15:49:13 +0900] "GET /action HTTP/1.1" 404 813
0:0:0:0:0:0:0:1 - - [24/Sep/2025:15:49:13 +0900] "GET /action HTTP/1.1" 404 813
0:0:0:0:0:0:0:1 - - [24/Sep/2025:15:49:24 +0900] "GET /action/include.dp HTTP/1.1" 404 828
0:0:0:0:0:0:0:1 - - [24/Sep/2025:15:49:28 +0900] "GET /action/include.do HTTP/1.1" 404 828
0:0:0:0:0:0:0:1 - - [24/Sep/2025:15:49:35 +0900] "GET /action/include.do HTTP/1.1" 404 828
127.0.0.1 - - [24/Sep/2025:15:49:42 +0900] "GET / HTTP/1.1" 404 807
0:0:0:0:0:0:0:1 - - [24/Sep/2025:15:49:43 +0900] "GET /action/include.do HTTP/1.1" 404 828
0:0:0:0:0:0:0:1 - - [24/Sep/2025:15:49:44 +0900] "GET /action/include.do HTTP/1.1" 404 828
0:0:0:0:0:0:0:1 - - [24/Sep/2025:15:49:44 +0900] "GET /action/include.do HTTP/1.1" 404 828
0:0:0:0:0:0:0:1 - - [24/Sep/2025:15:49:50 +0900] "GET /action2/include.do HTTP/1.1" 404 829
0:0:0:0:0:0:0:1 - - [24/Sep/2025:15:49:55 +0900] "GET /action/include.do HTTP/1.1" 404 828
0:0:0:0:0:0:0:1 - - [24/Sep/2025:15:50:04 +0900] "GET /action/Include.do HTTP/1.1" 404 828
0:0:0:0:0:0:0:1 - - [24/Sep/2025:16:16:31 +0900] "GET /action/Include.do HTTP/1.1" 404 828
127.0.0.1 - - [24/Sep/2025:16:16:32 +0900] "GET / HTTP/1.1" 404 807
0:0:0:0:0:0:0:1 - - [24/Sep/2025:16:16:33 +0900] "GET /action/Include.do HTTP/1.1" 404 828
0:0:0:0:0:0:0:1 - - [24/Sep/2025:16:16:42 +0900] "GET /action/include.do HTTP/1.1" 404 828
127.0.0.1 - - [24/Sep/2025:16:22:34 +0900] "GET / HTTP/1.1" 404 807
0:0:0:0:0:0:0:1 - - [24/Sep/2025:16:22:36 +0900] "GET /action/include.do HTTP/1.1" 404 828
0:0:0:0:0:0:0:1 - - [24/Sep/2025:16:22:37 +0900] "GET /action/include.do HTTP/1.1" 404 828
0:0:0:0:0:0:0:1 - - [24/Sep/2025:16:22:37 +0900] "GET /action/include.do HTTP/1.1" 404 828
0:0:0:0:0:0:0:1 - - [24/Sep/2025:16:22:37 +0900] "GET /action/include.do HTTP/1.1" 404 828
0:0:0:0:0:0:0:1 - - [24/Sep/2025:16:22:38 +0900] "GET /action/include.do HTTP/1.1" 404 828
0:0:0:0:0:0:0:1 - - [24/Sep/2025:16:22:38 +0900] "GET /action/include.do HTTP/1.1" 404 828
127.0.0.1 - - [24/Sep/2025:16:29:20 +0900] "GET / HTTP/1.1" 404 807
0:0:0:0:0:0:0:1 - - [24/Sep/2025:16:29:22 +0900] "GET /action/include.do HTTP/1.1" 404 828
0:0:0:0:0:0:0:1 - - [24/Sep/2025:16:29:22 +0900] "GET /action/include.do HTTP/1.1" 404 828
0:0:0:0:0:0:0:1 - - [24/Sep/2025:16:29:23 +0900] "GET /action/include.do HTTP/1.1" 404 828
127.0.0.1 - - [24/Sep/2025:16:40:24 +0900] "GET / HTTP/1.1" 404 807
0:0:0:0:0:0:0:1 - - [24/Sep/2025:16:40:33 +0900] "GET /action/forward.do HTTP/1.1" 404 828
0:0:0:0:0:0:0:1 - - [24/Sep/2025:16:40:40 +0900] "GET /action/Forward.do HTTP/1.1" 404 828
0:0:0:0:0:0:0:1 - - [24/Sep/2025:17:00:18 +0900] "GET /action/Forward.do HTTP/1.1" 404 828
0:0:0:0:0:0:0:1 - - [24/Sep/2025:17:00:18 +0900] "GET /action/Forward.do HTTP/1.1" 404 828
0:0:0:0:0:0:0:1 - - [24/Sep/2025:17:00:26 +0900] "GET /action HTTP/1.1" 404 813
0:0:0:0:0:0:0:1 - - [24/Sep/2025:17:00:29 +0900] "GET /action HTTP/1.1" 404 813
0:0:0:0:0:0:0:1 - - [24/Sep/2025:17:00:29 +0900] "GET /action HTTP/1.1" 404 813
0:0:0:0:0:0:0:1 - - [24/Sep/2025:17:01:31 +0900] "GET /action HTTP/1.1" 404 813
127.0.0.1 - - [24/Sep/2025:17:01:31 +0900] "GET / HTTP/1.1" 404 807
0:0:0:0:0:0:0:1 - - [24/Sep/2025:17:01:32 +0900] "GET /action HTTP/1.1" 404 813
0:0:0:0:0:0:0:1 - - [24/Sep/2025:17:01:32 +0900] "GET /action HTTP/1.1" 404 813
0:0:0:0:0:0:0:1 - - [24/Sep/2025:17:01:32 +0900] "GET /action HTTP/1.1" 404 813
0:0:0:0:0:0:0:1 - - [24/Sep/2025:17:01:32 +0900] "GET /action HTTP/1.1" 404 813
0:0:0:0:0:0:0:1 - - [24/Sep/2025:17:01:32 +0900] "GET /action HTTP/1.1" 404 813
0:0:0:0:0:0:0:1 - - [24/Sep/2025:17:01:33 +0900] "GET /action HTTP/1.1" 404 813
127.0.0.1 - - [24/Sep/2025:17:05:50 +0900] "GET / HTTP/1.1" 404 807
0:0:0:0:0:0:0:1 - - [24/Sep/2025:17:05:50 +0900] "GET /action HTTP/1.1" 302 -
0:0:0:0:0:0:0:1 - - [24/Sep/2025:17:05:51 +0900] "GET /action/ HTTP/1.1" 200 815
0:0:0:0:0:0:0:1 - - [24/Sep/2025:17:05:52 +0900] "GET /action/jstl.do HTTP/1.1" 404 825
127.0.0.1 - - [24/Sep/2025:17:06:06 +0900] "GET / HTTP/1.1" 404 807
0:0:0:0:0:0:0:1 - - [24/Sep/2025:17:06:37 +0900] "GET /action/jstl.do HTTP/1.1" 200 130
0:0:0:0:0:0:0:1 - - [24/Sep/2025:17:48:54 +0900] "GET /action/jstl.do HTTP/1.1" 200 1927
